voxys Nix shell
  setup deps: ./scripts/fetch_deps.sh
  build:      bazel build -c opt //:voxy_native
  fullscreen: bazel run -c opt //:voxy_native -- --fullscreen --uncapped
  benchmark:  bazel run -c opt //:voxy_native -- --fullscreen --benchmark --no-validation
baseline 0 idle 1
village 0 idle 1
final 0 idle 1
baseline 0 edit 1
village 0 edit 1
final 0 edit 1
baseline 64 idle 1
village 64 idle 1
final 64 idle 1
baseline 64 edit 1
village 64 edit 1
final 64 edit 1
baseline 256 idle 1
village 256 idle 1
final 256 idle 1
baseline 256 edit 1
village 256 edit 1
final 256 edit 1
baseline 768 idle 1
village 768 idle 1
final 768 idle 1
baseline 768 edit 1
village 768 edit 1
final 768 edit 1
village 0 idle 2
final 0 idle 2
baseline 0 idle 2
village 0 edit 2
final 0 edit 2
baseline 0 edit 2
village 64 idle 2
final 64 idle 2
baseline 64 idle 2
village 64 edit 2
final 64 edit 2
baseline 64 edit 2
village 256 idle 2
final 256 idle 2
baseline 256 idle 2
village 256 edit 2
final 256 edit 2
baseline 256 edit 2
village 768 idle 2
final 768 idle 2
baseline 768 idle 2
village 768 edit 2
final 768 edit 2
baseline 768 edit 2
final 0 idle 3
baseline 0 idle 3
village 0 idle 3
final 0 edit 3
baseline 0 edit 3
village 0 edit 3
final 64 idle 3
baseline 64 idle 3
village 64 idle 3
final 64 edit 3
baseline 64 edit 3
village 64 edit 3
final 256 idle 3
baseline 256 idle 3
village 256 idle 3
final 256 edit 3
baseline 256 edit 3
village 256 edit 3
final 768 idle 3
baseline 768 idle 3
village 768 idle 3
final 768 edit 3
baseline 768 edit 3
village 768 edit 3
village-comparison 0
lookup-incremental-comparison 0
final-comparison 0
