Waiting for game {"frame":0,"ready":false,"hits":0,"lost":null}
Waiting for game {"frame":0,"ready":false,"hits":0,"lost":null}
Waiting for game {"frame":0,"ready":false,"hits":0,"lost":null}
Waiting for game {"frame":0,"ready":false,"hits":0,"lost":null}
Waiting for game {"frame":0,"ready":false,"hits":0,"lost":null}
Waiting for game {"frame":0,"ready":false,"hits":0,"lost":null}
Waiting for game {"frame":0,"ready":false,"hits":0,"lost":null}
Waiting for game {"frame":0,"ready":false,"hits":0,"lost":null}
Waiting for game {"frame":0,"ready":false,"hits":0,"lost":null}
Waiting for game {"frame":0,"ready":false,"hits":0,"lost":null}
Waiting for game {"frame":0,"ready":false,"hits":0,"lost":null}
Waiting for game {"frame":0,"ready":false,"hits":0,"lost":null}
Input frame White brick preset {"frame":71,"ready":true,"mode":"build","hits":14,"lost":null}
Input frame Red brick preset {"frame":79,"ready":true,"mode":"build","hits":14,"lost":null}
Waiting for build {"frame":86,"ready":true,"mode":"build","hits":14,"lost":null}
Captured build 91
Input frame Open pieces {"frame":127,"ready":true,"mode":"build","hits":14,"lost":null}
Accepted Structure category {"frame":136,"ready":true,"mode":"catalog","hits":21,"lost":null}
Waiting for catalog {"frame":145,"ready":true,"mode":"catalog","hits":21,"lost":null}
Captured catalog 152
Input frame Choose wall {"frame":197,"ready":true,"mode":"catalog","hits":21,"lost":null}
Input frame Open colours {"frame":207,"ready":true,"mode":"build","hits":14,"lost":null}
Input frame Choose blue {"frame":219,"ready":true,"mode":"colours","hits":18,"lost":null}
Input frame Reopen colours {"frame":230,"ready":true,"mode":"build","hits":14,"lost":null}
Waiting for colours {"frame":242,"ready":true,"mode":"colours","hits":18,"lost":null}
Captured palette 252
Accepted Close colours {"frame":331,"ready":true,"mode":"build","hits":14,"lost":null}
Accepted Walk {"frame":341,"ready":true,"mode":"build","hits":14,"lost":null}
Waiting for explore {"frame":348,"ready":true,"mode":"explore","hits":6,"lost":null}
Captured explore 354
PASS: live shared GPU HUD, pointer input, semantic peers, four screenshots.
