Waiting for game {"frame":0,"ready":false,"hits":0,"lost":null}
Waiting for game {"frame":0,"ready":false,"hits":0,"lost":null}
Waiting for game {"frame":0,"ready":false,"hits":0,"lost":null}
Waiting for game {"frame":0,"ready":false,"hits":0,"lost":null}
Waiting for game {"frame":0,"ready":false,"hits":0,"lost":null}
Waiting for game {"frame":0,"ready":false,"hits":0,"lost":null}
Waiting for game {"frame":0,"ready":false,"hits":0,"lost":null}
Waiting for game {"frame":0,"ready":false,"hits":0,"lost":null}
Waiting for game {"frame":0,"ready":false,"hits":0,"lost":null}
Waiting for game {"frame":0,"ready":false,"hits":0,"lost":null}
Waiting for game {"frame":0,"ready":false,"hits":0,"lost":null}
Waiting for game {"frame":0,"ready":false,"hits":0,"lost":null}
Waiting for game {"frame":0,"ready":false,"hits":0,"lost":null}
Waiting for game {"frame":0,"ready":false,"hits":0,"lost":null}
Waiting for game {"frame":0,"ready":false,"hits":0,"lost":null}
Captured build 90
Accepted Open pieces {"frame":129,"ready":true,"mode":"catalog","hits":9,"lost":null}
Accepted Structure category {"frame":140,"ready":true,"mode":"catalog","hits":9,"lost":null}
Waiting for catalog {"frame":150,"ready":true,"mode":"catalog","hits":13,"lost":null}
Captured catalog 160
Accepted Choose wall {"frame":198,"ready":true,"mode":"build","hits":21,"lost":null}
Input frame Open colours {"frame":208,"ready":true,"mode":"build","hits":21,"lost":null}
Input frame Choose coral {"frame":219,"ready":true,"mode":"colours","hits":8,"lost":null}
Input frame Reopen colours {"frame":230,"ready":true,"mode":"build","hits":21,"lost":null}
Waiting for colours {"frame":240,"ready":true,"mode":"colours","hits":8,"lost":null}
Captured palette 249
Input frame Close colours {"frame":285,"ready":true,"mode":"colours","hits":8,"lost":null}
Input frame Walk {"frame":296,"ready":true,"mode":"build","hits":21,"lost":null}
Waiting for explore {"frame":306,"ready":true,"mode":"explore","hits":6,"lost":null}
Captured explore 315
PASS: live shared GPU HUD, pointer input, semantic peers, four screenshots.
