voxys Nix shell
  setup deps: ./scripts/fetch_deps.sh
  build:      bazel build -c opt //:voxy_native
  fullscreen: bazel run -c opt //:voxy_native -- --fullscreen --uncapped
  benchmark:  bazel run -c opt //:voxy_native -- --fullscreen --benchmark --no-validation
Running main() from gmock_main.cc
Note: Google Test filter = SourceHouse/ImportedWallRuntimeIntegration.CannonInputAndFullWorldGpuAdmission/CannonImpact
[==========] Running 1 test from 1 test suite.
[----------] Global test environment set-up.
[----------] 1 test from SourceHouse/ImportedWallRuntimeIntegration
[ RUN      ] SourceHouse/ImportedWallRuntimeIntegration.CannonInputAndFullWorldGpuAdmission/CannonImpact
libEGL warning: DRI3 error: Could not get DRI3 device
libEGL warning: Ensure your X server supports DRI3 to get accelerated rendering
[32m[INFO ] [06:49:35.886] [GPU] GPU Adapter: llvmpipe (LLVM 21.1.8, 256 bits)[0m
[32m[INFO ] [06:49:35.886] [GPU]   Vendor: llvmpipe[0m
[32m[INFO ] [06:49:35.886] [GPU]   Backend: Vulkan[0m
[32m[INFO ] [06:49:35.886] [GPU]   Type: CPU[0m
[32m[INFO ] [06:49:35.944] [GPU] Headless GPU context initialized successfully[0m
[32m[INFO ] [06:50:10.200] WebGPU physics initialized: 256 usable body slots, 0 MiB resident, 0 MiB scratch[0m
[31m[ERROR] [06:51:01.772] GPU tick completion stalled for five active seconds[0m
tests/test_adventure_runtime.cpp:1223: Failure
Value of: frame()
  Actual: false
Expected: true
{"costText":"Unlimited pieces","creative":true,"build":true,"selected":"Brick 2 × 4","blueprintKind":0,"piece":10,"status":"Choose a brick, aim and build.","previewReason":"Ready to place","interaction":"Use nearby","statusEvent":"0","valid":true,"wood":0,"stone":0,"scrap":0,"parts":0,"menu":"","saveFailure":"","saveStatus":"Unsaved build","dirty":true,"textScale":1,"highContrast":false,"rows":[],"mode":"build","menuTitle":"","menuText":"","menuStatus":"","menuToken":1,"catalogCategory":1,"preferencesRevision":"1","preferencesStatus":"No saved settings. Your current controls were kept.","attackControl":"Left mouse","dodgeControl":"Q","lookControl":"Hold the right mouse button to look around, or use the right stick.","forest":{"seed":9665061,"recipe":3,"drawDistance":2000,"nearProps":61,"distantTrees":51836,"horizonDraws":0,"visitedTrees":0,"visibleTrees":0,"selectionMs":0,"instanceUploadBytes":0,"meshColorTriangles":0,"meshShadowTriangles":0},"riding":false,"bikeSpeed":0,"cannon":{"available":true,"x":1240,"y":0.18500000715255738,"z":-1027,"distanceStuds":102,"active":false,"ready":false,"error":"","shots":0,"impacts":0,"live":0,"yaw":-0.0360332748563,"elevation":0.072676758471200004,"awaitingHit":false,"contacts":0,"contactFeature":0,"contactBody":0,"contactSpeed":0,"contactImpulse":0,"releasedParts":0,"sourceParts":0,"partDisplacement":0,"impactDirection":[0,0,0],"impactSource":"0","impactEnergy":0,"wallReady":false,"wallReleased":false,"inspectingWall":false,"wallBusy":false,"wallPhase":1,"wallMessage":"","wallFailed":false,"nearby":false},"blacksmith":{"available":true,"x":1208,"y":0.18500000715255738,"z":-1032},"paint":0,"colourAvailable":true,"colourPickerOpen":false,"canUndo":false,"canRemove":false,"hud":{"width":0,"height":0,"controls":[]},"observation":"475","revision":"1","menuSelected":0,"player":{"x":1200,"y":0.1849999475479126,"z":-1120,"yaw":0.75,"tick":"475"},"swimming":false,"thrownBricks":{"total":0,"live":0,"playerCollider":true,"playerContacts":0},"camera":{"yaw":0.75,"distance":10.5,"requestedDistance":10.5,"width":1280,"height":800,"eye":[1206.7938766479492,6.8479490280151367,-1112.707275390625],"viewTarget":[1200,3.5449999475479128,-1120],"origin":[1280,0,-1024],"viewProjection":[-0.79207605123519897,-0.3713890016078949,-0.64704245328903198,-0.64703595638275146,2.5809569592638582e-07,1.6441236734390259,-0.3145708441734314,-0.3145676851272583,0.73789620399475098,-0.39865872263908386,-0.69455128908157349,-0.69454431533813477,7.4719405174255371,-73.810752868652344,-106.925048828125,-106.82398223876953]},"aimInput":{"pointer":[640,400],"usedPointer":[640,400],"mouseCaptured":false,"gamepadConnected":false,"padOwnsAim":false},"aimRay":{"from":[1206.7938766479492,6.8479490280151367,-1112.707275390625],"to":[1190.6188778569906,-1.0167051578711099,-1130.0715095703665],"complete":true,"hit":true,"distance":21.768086892823217},"preview":{"x":1193,"y":0.20000000000000001,"z":-1128,"kind":10,"yaw":0},"world":"fdae9ed934e2f01a587b7e0d94e50be4","registeredBed":"0","health":100,"combatLabel":"Use nearby","staffEquipped":false,"attackReady":true,"dodgeReady":true,"combatTick":"0","enemies":[{"id":0,"health":0,"phase":"Waiting for a clear trail","phaseCode":0,"phaseTicks":0,"attackSerial":"0","available":false,"x":0,"y":0,"z":0,"yaw":0,"deathRevision":"0","lootClaimRevision":"0"},{"id":0,"health":0,"phase":"Waiting for a clear trail","phaseCode":0,"phaseTicks":0,"attackSerial":"0","available":false,"x":0,"y":0,"z":0,"yaw":0,"deathRevision":"0","lootClaimRevision":"0"}],"hammerEquipped":false,"quest":{"phase":"not-accepted","ready":false,"objective":"Meet Moss in the meadow square.","recipeUnlocked":false,"rewardRevision":"0"},"objective":"Meet Moss in the meadow square.","trailQuests":[{"id":2,"phase":0,"title":"Prepare for the trail","objective":"Help Moss finish A Place to Return.","ready":false,"rewardRevision":"0"},{"id":3,"phase":0,"title":"Recover the relay component","objective":"Finish Prepare for the trail with Rivet.","ready":false,"rewardRevision":"0"},{"id":4,"phase":0,"title":"Restore the relay","objective":"Finish Recover relay component with Lumen.","ready":false,"rewardRevision":"0"}],"sideQuest":null,"wideStoneStepUnlocked":false,"discoveries":[{"id":1,"discoveredRevision":"0","rewardClaimRevision":"0"},{"id":2,"discoveredRevision":"0","rewardClaimRevision":"0"}],"trailSites":[{"id":0,"available":false,"active":false,"x":0,"y":0,"z":0},{"id":0,"available":false,"active":false,"x":0,"y":0,"z":0},{"id":0,"available":false,"active":false,"x":0,"y":0,"z":0},{"id":0,"available":false,"active":false,"x":0,"y":0,"z":0}],"relayActivationRevision":"0","equippedUtility":{"kind":0,"quantity":0},"compass":{"equipped":false,"target":"relay","label":"Meadow beacon","bearing":0,"distance":0,"direction":"","available":false,"reason":"Equip a Trail Compass to see a bearing.","backpackSlot":null},"dialogue":null,"residents":[{"id":0,"name":"","role":"","x":0,"y":0,"z":0,"available":false},{"id":0,"name":"","role":"","x":0,"y":0,"z":0,"available":false},{"id":0,"name":"","role":"","x":0,"y":0,"z":0,"available":false}],"metNpcMask":0,"saveSchema":6,"migrationDirty":false,"structures":[],"components":[]}

Terminated                 env VOXY_ADVENTURE_TEST_TERRAIN=/tmp/voxys-shared-hud-terrain.r16 VOXY_ADVENTURE_TEST_WORKSPACE=/home/lschneid/workspace/schneiderlo/voxys BUILD_WORKSPACE_DIRECTORY=/home/lschneid/workspace/schneiderlo/voxys VK_ICD_FILENAMES=/nix/store/gqpsfqzgbcbwbh12n3sjxk2x4gqgy8lq-mesa-26.1.3/share/vulkan/icd.d/lvp_icd.x86_64.json VK_DRIVER_FILES=/nix/store/gqpsfqzgbcbwbh12n3sjxk2x4gqgy8lq-mesa-26.1.3/share/vulkan/icd.d/lvp_icd.x86_64.json XDG_RUNTIME_DIR=/tmp /home/lschneid/.cache/bazel/_bazel_lschneid/32316bdb2f5c1949f03106d5cf38a916/execroot/_main/bazel-out/k8-fastbuild/bin/tests/adventure_runtime --gtest_filter=SourceHouse/ImportedWallRuntimeIntegration.CannonInputAndFullWorldGpuAdmission/CannonImpact --gtest_output=xml:/tmp/voxys-shared-hud-final-testlogs/adventure_runtime/cannon.xml
